Updating 6bd2d69..38f5df1
Fast-forward
 .adv-results/integration_arena_exclusivity.full    |   71 +
 .adv-results/integration_simulate.full             |   89 +
 .adv-results/integration_txn_concurrency.full      |   70 +
 .adv-results/lib.full                              |  904 +++++
 .adv-results/sim_durability.full                   |   82 +
 Cargo.toml                                         |    7 +
 bench/ceiling_INVENTIONS_patch.md                  |   83 +
 bench/ceiling_park_or_structure.txt                |  434 +++
 .../00_model_POSITIVE_CONTROL_FAILED.txt           |   23 +
 bench/ceiling_raw/01_model_inherited_PASSED.txt    |   66 +
 bench/ceiling_raw/02_barrier_queuemax_63.txt       |   18 +
 bench/ceiling_raw/03_model_closed_form.txt         |   69 +
 .../10_paired_T64_N8000_warm0_reps5.txt            |  153 +
 .../ceiling_raw/11_paired_T1_negative_control.txt  |  158 +
 .../12_paired_T64_N8000_warm0_reps5_WAITDUR.txt    |  189 +
 .../20_pgwire_ladder_BREAKS_above_L0.txt           |   20 +
 bench/ceiling_raw/21_pgwire_L0_layerB.txt          |   27 +
 bench/ceiling_raw/22_direct_crosscheck.txt         |   42 +
 bench/ceiling_raw/30_opref_myL0.txt                |   19 +
 bench/ceiling_raw/31_opref_myL3.txt                |   19 +
 bench/ceiling_raw/32_opref_myL3_draws.txt          |   15 +
 bench/ceiling_raw/RESUME.md                        |   46 +
 bench/d102_cow_census.txt                          |   37 +-
 bench/d115_frame_clone.md                          |   16 +-
 bench/d133_check.py                                |  114 +
 bench/d133_pending_len.txt                         |  139 +
 bench/d133_pending_len_draw2.done                  |    1 +
 bench/d133_pending_len_draw2.txt                   |  185 +
 bench/d133_run.sh                                  |  211 ++
 bench/d138_index_slope/README.md                   |   36 +-
 bench/d144_lease_lag.VOID-draw1.txt                |  101 +
 bench/d144_lease_lag.done                          |    1 +
 bench/d144_lease_lag.draw2-superseded.txt          |  144 +
 bench/d144_lease_lag.txt                           |  135 +
 bench/d144_run.sh                                  |  148 +
 bench/d16_chain/PREREG.md                          |  545 +++
 bench/d16_chain/firecheck.py                       |  776 ++++
 bench/d170_adversary_probe.txt                     |  170 +
 bench/d170_adversary_probe2.txt                    |  244 ++
 bench/d171_prereg.txt                              |  189 +
 bench/d171_stage_cost.txt                          |  140 +
 bench/d171_stage_cost_armE.txt                     |  142 +
 bench/d171_stage_cost_armE2.txt                    |   88 +
 bench/d172_phase_table.txt                         |   59 +
 bench/d172_prereg.txt                              |  195 +
 bench/d178-27c9d51_certified/README.txt            |    6 +
 bench/d178-a982aec_certified/README.txt            |   51 +
 bench/d178-a982aec_certified/suite.go.log          |  330 ++
 bench/d178-a982aec_certified/suite.log             | 3927 ++++++++++++++++++++
 bench/d178-a982aec_certified/verdict.txt           |    2 +
 bench/d192_attest_footprint_smoke.txt              |   21 +
 bench/d207/PREREG.md                               | 1039 ++++++
 bench/d207/make_mutants.py                         |  296 ++
 .../d207/mutants/M14_spawn_failure_uncounted.patch |   10 +
 .../mutants/M15_zero_idle_deadline_accepted.patch  |   11 +
 bench/d207/mutants/M16_zero_cap_accepted.patch     |   11 +
 bench/d207/mutants/M17_cap_full_unpaced.patch      |   10 +
 bench/d207/mutants/M18_lost_wakeup.patch           |   13 +
 bench/d207/mutants/M19_retain_scans.patch          |    9 +
 .../d207/mutants/M1_setup_exit_forgets_slot.patch  |   10 +
 .../mutants/M20_with_learners_scans_directly.patch |   11 +
 bench/d207/mutants/M21_try_clone_uncounted.patch   |   10 +
 bench/d207/mutants/M22_retain_inverted.patch       |    9 +
 bench/d207/mutants/M23_append_count_only.patch     |   11 +
 bench/d207/mutants/M24_mac_not_reserved.patch      |   11 +
 bench/d207/mutants/M25_cut_one_early.patch         |   11 +
 bench/d207/mutants/M26_envelope_not_reserved.patch |   11 +
 .../mutants/M27_empty_when_first_too_big.patch     |   11 +
 bench/d207/mutants/M28_admission_removed.patch     |   13 +
 .../d207/mutants/M29_admission_cut_one_early.patch |   11 +
 bench/d207/mutants/M2_setup_exit_uncounted.patch   |   10 +
 .../M30_admission_swallows_encoder_error.patch     |   11 +
 bench/d207/mutants/M31_disk_limit_below_wire.patch |   11 +
 bench/d207/mutants/M32_unencodable_uncounted.patch |   13 +
 .../d207/mutants/M33_unaddressable_uncounted.patch |   18 +
 bench/d207/mutants/M34_entry_wire_len_short.patch  |   11 +
 .../mutants/M35_disk_bound_below_unsigned.patch    |   11 +
 bench/d207/mutants/M36_no_version_raise.patch      |   11 +
 bench/d207/mutants/M37_raise_after_the_frame.patch |   21 +
 .../mutants/M38_checkpoint_writes_legacy.patch     |   11 +
 bench/d207/mutants/M39_always_raise.patch          |   11 +
 .../mutants/M3_slot_released_at_thread_start.patch |   10 +
 bench/d207/mutants/M40_counters_not_wired.patch    |   13 +
 .../mutants/M41_raise_only_when_all_large.patch    |   11 +
 bench/d207/mutants/M42_raise_on_first_only.patch   |   11 +
 bench/d207/mutants/M43_raise_on_last_only.patch    |   11 +
 bench/d207/mutants/M44_legacy_bound_raised.patch   |   11 +
 .../M45_raise_floor_term_is_last_term.patch        |   11 +
 .../M46_raise_rewrites_the_header_in_place.patch   |   20 +
 bench/d207/mutants/M4_byte_bound_removed.patch     |   11 +
 bench/d207/mutants/M5_drop_not_refunded.patch      |   11 +
 bench/d207/mutants/M6_pop_not_refunded.patch       |   15 +
 .../d207/mutants/M7_oversized_frame_refused.patch  |   13 +
 bench/d207/mutants/M8_empty_guard_removed.patch    |   12 +
 bench/d207/raw/B_compile_tip.txt                   |   61 +
 bench/d207/raw/RUN_log.txt                         |    3 +
 bench/d224/PREREG.md                               |  718 ++++
 bench/d224/make_mutants.py                         |  106 +
 bench/d224/mutants/N10_reset_read_as_alive.patch   |   14 +
 .../N11_counters_swap_probes_and_redials.patch     |   13 +
 .../N12_counters_redials_read_from_probes.patch    |   11 +
 bench/d224/mutants/N1_probe_removed.patch          |   11 +
 bench/d224/mutants/N2_probe_every_frame.patch      |   11 +
 bench/d224/mutants/N3_probe_result_ignored.patch   |   11 +
 bench/d224/mutants/N4_frame_not_carried.patch      |   11 +
 bench/d224/mutants/N5_last_use_not_refreshed.patch |   11 +
 .../mutants/N6_refusal_bytes_read_as_alive.patch   |   11 +
 .../mutants/N7_counters_drop_idle_probes.patch     |   11 +
 .../mutants/N8_counters_drop_idle_redials.patch    |   11 +
 .../mutants/N9_gate_is_the_whole_deadline.patch    |   11 +
 bench/d224/raw/B_compile_tip.txt                   |   62 +
 bench/d225/red_a5.txt                              |   73 +
 bench/d231_PREREG.md                               |  420 +++
 bench/d231_stamp_check.sh                          |  864 +++++
 bench/d235/PREREG.md                               |  256 ++
 bench/d249/PREREG.md                               |  549 +++
 bench/d249/make_mutants.py                         |   94 +
 bench/d249/mutants/E1_precheck_removed.patch       |   11 +
 bench/d249/mutants/E2_precheck_in_finish.patch     |   21 +
 bench/d249/mutants/E3_oversize_arm_removed.patch   |   11 +
 .../mutants/E4_index_renames_not_checked.patch     |   10 +
 .../d249/mutants/E5_staleness_check_removed.patch  |   11 +
 .../E7_schema_overwritten_before_compare.patch     |   13 +
 bench/d254/PREREG.md                               |  227 ++
 bench/d254/make_mutants.py                         |   76 +
 .../d254/mutants/P1_persist_prepass_removed.patch  |   11 +
 .../mutants/P2_create_table_check_removed.patch    |   11 +
 .../mutants/P3_create_index_check_removed.patch    |   11 +
 .../mutants/P4_create_fulltext_check_removed.patch |   11 +
 bench/d270/PREREG.md                               |  176 +
 bench/d270/make_mutants.py                         |   84 +
 .../Q1_first_page_written_before_allocating.patch  |   14 +
 .../Q2_first_page_written_before_the_walk.patch    |   14 +
 .../mutants/Q3_layout_size_refusal_removed.patch   |   11 +
 bench/d270/raw/B_compile_tip.txt                   |   60 +
 bench/d270/raw/C_integration.txt                   |   93 +
 bench/d270/raw/C_lib_catalog.txt                   |  213 ++
 bench/d270/raw/G_d254.txt                          |   15 +
 bench/d270/raw/G_target.txt                        |   13 +
 bench/d270/raw/L_target.txt                        |   10 +
 .../Q1_first_page_written_before_allocating.txt    |   30 +
 ...1_first_page_written_before_allocating_diff.txt |   16 +
 .../raw/Q2_first_page_written_before_the_walk.txt  |   36 +
 .../Q2_first_page_written_before_the_walk_diff.txt |   16 +
 bench/d270/raw/Q3_layout_size_refusal_removed.txt  |   30 +
 .../raw/Q3_layout_size_refusal_removed_diff.txt    |   13 +
 bench/d270/raw/RUN_log.txt                         |   15 +
 bench/d270/raw/R_target.txt                        |   36 +
 bench/d270/raw/Z_target.txt                        |   13 +
 bench/d65_reopen_curve_1e6.txt                     |   80 +
 bench/d65_reopen_curve_1e6_run2.txt                |   71 +
 bench/d65_reopen_curve_1e6_run3.txt                |   80 +
 bench/d65_reopen_span.txt                          |   65 +
 bench/d87_payoff_probe.txt                         |   37 +
 bench/d89_falsify_raw/attack_a_sweep.txt           | 1022 +++++
 bench/d89_falsify_raw/attacks_bcd.txt              |   36 +
 bench/d89_falsify_raw/attacks_efghijkl.txt         |  160 +
 bench/d89_the_curve_persistence_blocks.txt         |   95 +
 bench/e6_outer_lock_count.txt                      |  320 ++
 bench/e6_outer_lock_count_certified/SUMMARY.txt    |   40 +
 .../suite-E6-ed598e4.go.log                        |  330 ++
 .../suite-E6-ed598e4.log                           | 3736 +++++++++++++++++++
 bench/f1_accept/PREREG.md                          |  328 ++
 bench/f1_accept/fire.sh                            |   27 +
 .../mutants/M1_listener_polled_again.patch         |   11 +
 .../mutants/M2_shutdown_never_connects.patch       |   11 +
 .../mutants/M3_stop_not_checked_after_accept.patch |   13 +
 bench/f1_accept/raw/G_green_ca771fb.txt            |  390 ++
 .../raw/M1_listener_polled_again_ca771fb.txt       |  405 ++
 .../raw/M2_shutdown_never_connects_ca771fb.txt     |  410 ++
 .../M3_stop_not_checked_after_accept_ca771fb.txt   |  392 ++
 bench/f1_accept/raw/R_red_323c965.txt              |  402 ++
 bench/f1_accept/raw/build_green_ca771fb.txt        |   55 +
 bench/f1_accept/raw/build_red_323c965.txt          |   82 +
 bench/f1_accept/raw/repeats_20x.txt                |   84 +
 bench/probe_catalog_locality.txt                   |   18 +
 bench/probe_depth_wall.txt                         |   42 +
 bench/probe_read_concurrency_v1.txt                |   27 +
 bench/probe_read_scaling.txt                       |   31 +
 bench/s18_storage_unit_of_sharing.txt              |   71 +
 bench/w4_generation_keying/README.md               |   19 +
 build.rs                                           |  462 ++-
 examples/branch_curve_writes.rs                    |   33 +-
 examples/d102_cow_census.rs                        |   20 +-
 examples/d129_effect_log_scan_count.rs             |  662 ++++
 examples/d133_pending_len.rs                       |  373 ++
 examples/d144_lease_lag.rs                         |  628 ++++
 examples/d166_reap_depth_curve.rs                  |  122 +
 examples/d16_chain_retention.rs                    |  861 +++++
 examples/d170_adv_probe.rs                         |  360 ++
 examples/d171_stage_cost.rs                        |  277 ++
 examples/d191_diff_applied_curve.rs                |  430 +++
 examples/d192_attest_footprint.rs                  |  403 ++
 examples/d89_falsify.rs                            |  820 ++++
 examples/d89_falsify2.rs                           |  859 +++++
 examples/e6_outer_lock_count.rs                    |  636 ++++
 examples/pgserver.rs                               |   11 +-
 examples/r11_dist/arms.rs                          |  342 ++
 examples/r11_dist/splitsim.rs                      |  243 ++
 examples/r11_dist_fleet.rs                         | 1408 +++++++
 examples/r11_dist_ledger.rs                        | 2429 ++++++++++++
 examples/statement_lock_sweep.rs                   |   23 +-
 examples/storage_collapse_cost.rs                  |  141 +
 examples/storage_pool_lock.rs                      |   91 +
 examples/storage_residency_cost.rs                 |  167 +
 examples/storage_unit_cost.rs                      |  189 +
 run_d170_adv.sh                                    |   56 +
 run_d170_adv2.sh                                   |   59 +
 run_d171.sh                                        |   43 +
 run_d171e.sh                                       |   51 +
 run_d171e2.sh                                      |   20 +
 scripts/gen_f7_attack_random_vectors.py            |   55 +
 scripts/gen_f7_attack_vectors.py                   |   36 +
 src/agent_sql/runtime.rs                           |  438 ++-
 src/branch/arena.rs                                |   24 +-
 src/branch/attest.rs                               |   98 +
 src/branch/catalog.rs                              |   67 +-
 src/branch/delta.rs                                |   39 +
 src/branch/group_commit.rs                         |   10 +-
 src/branch/reaper.rs                               |   69 +-
 src/branch/record.rs                               |  187 +
 src/branch/table_catalog.rs                        |  929 +++--
 src/buffer/buffer_pool.rs                          |    9 +-
 src/catalog/alter.rs                               |  287 +-
 src/catalog/catalog.rs                             |  328 +-
 src/catalog/catalog_page.rs                        |  110 +-
 src/cli/cli.rs                                     |   48 +-
 src/consensus/config.rs                            |   26 +-
 src/consensus/log.rs                               |  171 +-
 src/consensus/membership.rs                        |    6 +-
 src/consensus/node.rs                              |  117 +-
 src/consensus/replicate.rs                         |   59 +-
 src/consensus/signing.rs                           |    4 +
 src/consensus/snapshot.rs                          |   12 +-
 src/consensus/tests_f7_attack.rs                   | 1811 +++++++++
 src/consensus/tests_log.rs                         |  413 ++
 src/consensus/tests_node.rs                        |  130 +
 src/consensus/tests_replicate.rs                   |  259 ++
 src/consensus/tests_transport.rs                   | 1223 +++++-
 src/consensus/transport.rs                         |  766 +++-
 src/error.rs                                       |   54 +-
 src/execution/insert.rs                            |  122 +-
 src/execution/update.rs                            |   65 +-
 src/optimizer/optimizer.rs                         |   75 +-
 src/optimizer/search_algorithm.rs                  |  185 +-
 src/pgwire/mod.rs                                  |   41 +
 src/planner/plan.rs                                |    8 +-
 src/replication/logical.rs                         |  106 +-
 src/replication/sync.rs                            |   26 +-
 src/storage/index.rs                               |  445 ++-
 src/storage/index_fulltext.rs                      |   19 +-
 src/storage/index_page.rs                          |  840 ++++-
 src/tel/log.rs                                     |  238 +-
 src/wal/log.rs                                     |  122 +-
 src/wal/recovery.rs                                |   72 +-
 tests/adv_f4_atk1_page_without_grant.rs            |  405 ++
 tests/adv_f4_atk2_two_authorities.rs               |  429 +++
 tests/adv_f4_atk3_lease_clock.rs                   |  302 ++
 tests/adv_f4_atk4_locks_and_ranges.rs              |  341 ++
 tests/adv_f4_atk5_meaning_changed.rs               |  167 +
 tests/d174_merge_gate_locality.rs                  |  823 ++++
 tests/d191_diff_does_not_scan_applied.rs           |  354 ++
 tests/d225_byte_split.rs                           | 1265 +++++++
 tests/d235_rebuild_keeps_d16_pins.rs               |  366 ++
 tests/d244_clean_exit_publishes_the_root.rs        |  205 +
 tests/d244_exits_run_the_publish.rs                |   72 +
 tests/d244_publish_root.rs                         |  500 +++
 tests/d249_alter_encodable.rs                      |  407 ++
 tests/d254_catalog_persist_bound.rs                |  293 ++
 tests/d255_join_on_conjuncts.rs                    |  566 +++
 tests/d270_catalog_persist_allocate_first.rs       |  228 ++
 tests/d280_open_for_database.rs                    |  419 +++
 tests/d280_orphaned_wal_binaries.rs                |  368 ++
 tests/d33_add_arena_must_be_durable.rs             |    3 +-
 tests/depth_cost.rs                                |  100 +
 tests/depth_probe.rs                               |  151 +
 tests/i15_probe.rs                                 |  347 ++
 tests/integration_capability_envelope.rs           |   17 +
 tests/integration_lens_atk4_e.rs                   |  288 ++
 tests/integration_lens_merge_two_edits.rs          |  268 ++
 tests/lens_merge_refusal.rs                        |  272 ++
 tests/probe_catalog_read_locality.rs               |   82 +
 tests/probe_depth_wall.rs                          |  117 +
 tests/probe_read_concurrency.rs                    |  171 +
 tests/probe_read_scaling2.rs                       |   99 +
 tests/reused_key_old_snapshot.rs                   |  554 +++
 tests/review_cow_adv.rs                            |  559 +++
 tests/rolled_back_insert_index_entry.rs            |  100 +
 tests/s18_collapse_cost.rs                         |  125 +
 tests/s18_extent_pinning.rs                        |  103 +
 tests/s18_mcts_topology_probe.rs                   |  226 ++
 tests/s18_transitive_visibility.rs                 |  101 +
 tests/zz_atk2_alter_types.rs                       |  772 ++++
 tests/zz_atk2_guard_premise.rs                     |  466 +++
 tests/zz_atk4_durability.rs                        |  576 +++
 tests/zz_atk4_regress.rs                           |   73 +
 tests/zz_lens_ab.rs                                |  120 +
 tests/zz_lens_alter_refusal.rs                     |  295 ++
 tests/zz_lens_reserve.rs                           |  201 +
 tests/zz_lens_wedge_durability.rs                  |  327 ++
 300 files changed, 61720 insertions(+), 810 deletions(-)
 create mode 100644 .adv-results/integration_arena_exclusivity.full
 create mode 100644 .adv-results/integration_simulate.full
 create mode 100644 .adv-results/integration_txn_concurrency.full
 create mode 100644 .adv-results/lib.full
 create mode 100644 .adv-results/sim_durability.full
 create mode 100644 bench/ceiling_INVENTIONS_patch.md
 create mode 100644 bench/ceiling_park_or_structure.txt
 create mode 100644 bench/ceiling_raw/00_model_POSITIVE_CONTROL_FAILED.txt
 create mode 100644 bench/ceiling_raw/01_model_inherited_PASSED.txt
 create mode 100644 bench/ceiling_raw/02_barrier_queuemax_63.txt
 create mode 100644 bench/ceiling_raw/03_model_closed_form.txt
 create mode 100644 bench/ceiling_raw/10_paired_T64_N8000_warm0_reps5.txt
 create mode 100644 bench/ceiling_raw/11_paired_T1_negative_control.txt
 create mode 100644 bench/ceiling_raw/12_paired_T64_N8000_warm0_reps5_WAITDUR.txt
 create mode 100644 bench/ceiling_raw/20_pgwire_ladder_BREAKS_above_L0.txt
 create mode 100644 bench/ceiling_raw/21_pgwire_L0_layerB.txt
 create mode 100644 bench/ceiling_raw/22_direct_crosscheck.txt
 create mode 100644 bench/ceiling_raw/30_opref_myL0.txt
 create mode 100644 bench/ceiling_raw/31_opref_myL3.txt
 create mode 100644 bench/ceiling_raw/32_opref_myL3_draws.txt
 create mode 100644 bench/ceiling_raw/RESUME.md
 create mode 100755 bench/d133_check.py
 create mode 100644 bench/d133_pending_len.txt
 create mode 100644 bench/d133_pending_len_draw2.done
 create mode 100644 bench/d133_pending_len_draw2.txt
 create mode 100755 bench/d133_run.sh
 create mode 100644 bench/d144_lease_lag.VOID-draw1.txt
 create mode 100644 bench/d144_lease_lag.done
 create mode 100644 bench/d144_lease_lag.draw2-superseded.txt
 create mode 100644 bench/d144_lease_lag.txt
 create mode 100755 bench/d144_run.sh
 create mode 100644 bench/d16_chain/PREREG.md
 create mode 100644 bench/d16_chain/firecheck.py
 create mode 100644 bench/d170_adversary_probe.txt
 create mode 100644 bench/d170_adversary_probe2.txt
 create mode 100644 bench/d171_prereg.txt
 create mode 100644 bench/d171_stage_cost.txt
 create mode 100644 bench/d171_stage_cost_armE.txt
 create mode 100644 bench/d171_stage_cost_armE2.txt
 create mode 100644 bench/d172_phase_table.txt
 create mode 100644 bench/d172_prereg.txt
 create mode 100644 bench/d178-a982aec_certified/README.txt
 create mode 100644 bench/d178-a982aec_certified/suite.go.log
 create mode 100644 bench/d178-a982aec_certified/suite.log
 create mode 100644 bench/d178-a982aec_certified/verdict.txt
 create mode 100644 bench/d192_attest_footprint_smoke.txt
 create mode 100644 bench/d207/PREREG.md
 create mode 100644 bench/d207/make_mutants.py
 create mode 100644 bench/d207/mutants/M14_spawn_failure_uncounted.patch
 create mode 100644 bench/d207/mutants/M15_zero_idle_deadline_accepted.patch
 create mode 100644 bench/d207/mutants/M16_zero_cap_accepted.patch
 create mode 100644 bench/d207/mutants/M17_cap_full_unpaced.patch
 create mode 100644 bench/d207/mutants/M18_lost_wakeup.patch
 create mode 100644 bench/d207/mutants/M19_retain_scans.patch
 create mode 100644 bench/d207/mutants/M1_setup_exit_forgets_slot.patch
 create mode 100644 bench/d207/mutants/M20_with_learners_scans_directly.patch
 create mode 100644 bench/d207/mutants/M21_try_clone_uncounted.patch
 create mode 100644 bench/d207/mutants/M22_retain_inverted.patch
 create mode 100644 bench/d207/mutants/M23_append_count_only.patch
 create mode 100644 bench/d207/mutants/M24_mac_not_reserved.patch
 create mode 100644 bench/d207/mutants/M25_cut_one_early.patch
 create mode 100644 bench/d207/mutants/M26_envelope_not_reserved.patch
 create mode 100644 bench/d207/mutants/M27_empty_when_first_too_big.patch
 create mode 100644 bench/d207/mutants/M28_admission_removed.patch
 create mode 100644 bench/d207/mutants/M29_admission_cut_one_early.patch
 create mode 100644 bench/d207/mutants/M2_setup_exit_uncounted.patch
 create mode 100644 bench/d207/mutants/M30_admission_swallows_encoder_error.patch
 create mode 100644 bench/d207/mutants/M31_disk_limit_below_wire.patch
 create mode 100644 bench/d207/mutants/M32_unencodable_uncounted.patch
 create mode 100644 bench/d207/mutants/M33_unaddressable_uncounted.patch
 create mode 100644 bench/d207/mutants/M34_entry_wire_len_short.patch
 create mode 100644 bench/d207/mutants/M35_disk_bound_below_unsigned.patch
 create mode 100644 bench/d207/mutants/M36_no_version_raise.patch
 create mode 100644 bench/d207/mutants/M37_raise_after_the_frame.patch
 create mode 100644 bench/d207/mutants/M38_checkpoint_writes_legacy.patch
 create mode 100644 bench/d207/mutants/M39_always_raise.patch
 create mode 100644 bench/d207/mutants/M3_slot_released_at_thread_start.patch
 create mode 100644 bench/d207/mutants/M40_counters_not_wired.patch
 create mode 100644 bench/d207/mutants/M41_raise_only_when_all_large.patch
 create mode 100644 bench/d207/mutants/M42_raise_on_first_only.patch
 create mode 100644 bench/d207/mutants/M43_raise_on_last_only.patch
 create mode 100644 bench/d207/mutants/M44_legacy_bound_raised.patch
 create mode 100644 bench/d207/mutants/M45_raise_floor_term_is_last_term.patch
 create mode 100644 bench/d207/mutants/M46_raise_rewrites_the_header_in_place.patch
 create mode 100644 bench/d207/mutants/M4_byte_bound_removed.patch
 create mode 100644 bench/d207/mutants/M5_drop_not_refunded.patch
 create mode 100644 bench/d207/mutants/M6_pop_not_refunded.patch
 create mode 100644 bench/d207/mutants/M7_oversized_frame_refused.patch
 create mode 100644 bench/d207/mutants/M8_empty_guard_removed.patch
 create mode 100644 bench/d207/raw/B_compile_tip.txt
 create mode 100644 bench/d207/raw/RUN_log.txt
 create mode 100644 bench/d224/PREREG.md
 create mode 100644 bench/d224/make_mutants.py
 create mode 100644 bench/d224/mutants/N10_reset_read_as_alive.patch
 create mode 100644 bench/d224/mutants/N11_counters_swap_probes_and_redials.patch
 create mode 100644 bench/d224/mutants/N12_counters_redials_read_from_probes.patch
 create mode 100644 bench/d224/mutants/N1_probe_removed.patch
 create mode 100644 bench/d224/mutants/N2_probe_every_frame.patch
 create mode 100644 bench/d224/mutants/N3_probe_result_ignored.patch
 create mode 100644 bench/d224/mutants/N4_frame_not_carried.patch
 create mode 100644 bench/d224/mutants/N5_last_use_not_refreshed.patch
 create mode 100644 bench/d224/mutants/N6_refusal_bytes_read_as_alive.patch
 create mode 100644 bench/d224/mutants/N7_counters_drop_idle_probes.patch
 create mode 100644 bench/d224/mutants/N8_counters_drop_idle_redials.patch
 create mode 100644 bench/d224/mutants/N9_gate_is_the_whole_deadline.patch
 create mode 100644 bench/d224/raw/B_compile_tip.txt
 create mode 100644 bench/d225/red_a5.txt
 create mode 100644 bench/d231_PREREG.md
 create mode 100755 bench/d231_stamp_check.sh
 create mode 100644 bench/d235/PREREG.md
 create mode 100644 bench/d249/PREREG.md
 create mode 100644 bench/d249/make_mutants.py
 create mode 100644 bench/d249/mutants/E1_precheck_removed.patch
 create mode 100644 bench/d249/mutants/E2_precheck_in_finish.patch
 create mode 100644 bench/d249/mutants/E3_oversize_arm_removed.patch
 create mode 100644 bench/d249/mutants/E4_index_renames_not_checked.patch
 create mode 100644 bench/d249/mutants/E5_staleness_check_removed.patch
 create mode 100644 bench/d249/mutants/E7_schema_overwritten_before_compare.patch
 create mode 100644 bench/d254/PREREG.md
 create mode 100644 bench/d254/make_mutants.py
 create mode 100644 bench/d254/mutants/P1_persist_prepass_removed.patch
 create mode 100644 bench/d254/mutants/P2_create_table_check_removed.patch
 create mode 100644 bench/d254/mutants/P3_create_index_check_removed.patch
 create mode 100644 bench/d254/mutants/P4_create_fulltext_check_removed.patch
 create mode 100644 bench/d270/PREREG.md
 create mode 100644 bench/d270/make_mutants.py
 create mode 100644 bench/d270/mutants/Q1_first_page_written_before_allocating.patch
 create mode 100644 bench/d270/mutants/Q2_first_page_written_before_the_walk.patch
 create mode 100644 bench/d270/mutants/Q3_layout_size_refusal_removed.patch
 create mode 100644 bench/d270/raw/B_compile_tip.txt
 create mode 100644 bench/d270/raw/C_integration.txt
 create mode 100644 bench/d270/raw/C_lib_catalog.txt
 create mode 100644 bench/d270/raw/G_d254.txt
 create mode 100644 bench/d270/raw/G_target.txt
 create mode 100644 bench/d270/raw/L_target.txt
 create mode 100644 bench/d270/raw/Q1_first_page_written_before_allocating.txt
 create mode 100644 bench/d270/raw/Q1_first_page_written_before_allocating_diff.txt
 create mode 100644 bench/d270/raw/Q2_first_page_written_before_the_walk.txt
 create mode 100644 bench/d270/raw/Q2_first_page_written_before_the_walk_diff.txt
 create mode 100644 bench/d270/raw/Q3_layout_size_refusal_removed.txt
 create mode 100644 bench/d270/raw/Q3_layout_size_refusal_removed_diff.txt
 create mode 100644 bench/d270/raw/RUN_log.txt
 create mode 100644 bench/d270/raw/R_target.txt
 create mode 100644 bench/d270/raw/Z_target.txt
 create mode 100644 bench/d65_reopen_curve_1e6.txt
 create mode 100644 bench/d65_reopen_curve_1e6_run2.txt
 create mode 100644 bench/d65_reopen_curve_1e6_run3.txt
 create mode 100644 bench/d65_reopen_span.txt
 create mode 100644 bench/d87_payoff_probe.txt
 create mode 100644 bench/d89_falsify_raw/attack_a_sweep.txt
 create mode 100644 bench/d89_falsify_raw/attacks_bcd.txt
 create mode 100644 bench/d89_falsify_raw/attacks_efghijkl.txt
 create mode 100644 bench/d89_the_curve_persistence_blocks.txt
 create mode 100644 bench/e6_outer_lock_count.txt
 create mode 100644 bench/e6_outer_lock_count_certified/SUMMARY.txt
 create mode 100644 bench/e6_outer_lock_count_certified/suite-E6-ed598e4.go.log
 create mode 100644 bench/e6_outer_lock_count_certified/suite-E6-ed598e4.log
 create mode 100644 bench/f1_accept/PREREG.md
 create mode 100644 bench/f1_accept/fire.sh
 create mode 100644 bench/f1_accept/mutants/M1_listener_polled_again.patch
 create mode 100644 bench/f1_accept/mutants/M2_shutdown_never_connects.patch
 create mode 100644 bench/f1_accept/mutants/M3_stop_not_checked_after_accept.patch
 create mode 100644 bench/f1_accept/raw/G_green_ca771fb.txt
 create mode 100644 bench/f1_accept/raw/M1_listener_polled_again_ca771fb.txt
 create mode 100644 bench/f1_accept/raw/M2_shutdown_never_connects_ca771fb.txt
 create mode 100644 bench/f1_accept/raw/M3_stop_not_checked_after_accept_ca771fb.txt
 create mode 100644 bench/f1_accept/raw/R_red_323c965.txt
 create mode 100644 bench/f1_accept/raw/build_green_ca771fb.txt
 create mode 100644 bench/f1_accept/raw/build_red_323c965.txt
 create mode 100644 bench/f1_accept/raw/repeats_20x.txt
 create mode 100644 bench/probe_catalog_locality.txt
 create mode 100644 bench/probe_depth_wall.txt
 create mode 100644 bench/probe_read_concurrency_v1.txt
 create mode 100644 bench/probe_read_scaling.txt
 create mode 100644 bench/s18_storage_unit_of_sharing.txt
 create mode 100644 examples/d129_effect_log_scan_count.rs
 create mode 100644 examples/d133_pending_len.rs
 create mode 100644 examples/d144_lease_lag.rs
 create mode 100644 examples/d166_reap_depth_curve.rs
 create mode 100644 examples/d16_chain_retention.rs
 create mode 100644 examples/d170_adv_probe.rs
 create mode 100644 examples/d171_stage_cost.rs
 create mode 100644 examples/d191_diff_applied_curve.rs
 create mode 100644 examples/d192_attest_footprint.rs
 create mode 100644 examples/d89_falsify.rs
 create mode 100644 examples/d89_falsify2.rs
 create mode 100644 examples/e6_outer_lock_count.rs
 create mode 100644 examples/r11_dist/arms.rs
 create mode 100644 examples/r11_dist/splitsim.rs
 create mode 100644 examples/r11_dist_fleet.rs
 create mode 100644 examples/r11_dist_ledger.rs
 create mode 100644 examples/storage_collapse_cost.rs
 create mode 100644 examples/storage_pool_lock.rs
 create mode 100644 examples/storage_residency_cost.rs
 create mode 100644 examples/storage_unit_cost.rs
 create mode 100755 run_d170_adv.sh
 create mode 100755 run_d170_adv2.sh
 create mode 100755 run_d171.sh
 create mode 100755 run_d171e.sh
 create mode 100755 run_d171e2.sh
 create mode 100644 scripts/gen_f7_attack_random_vectors.py
 create mode 100644 scripts/gen_f7_attack_vectors.py
 create mode 100644 src/consensus/tests_f7_attack.rs
 create mode 100644 tests/adv_f4_atk1_page_without_grant.rs
 create mode 100644 tests/adv_f4_atk2_two_authorities.rs
 create mode 100644 tests/adv_f4_atk3_lease_clock.rs
 create mode 100644 tests/adv_f4_atk4_locks_and_ranges.rs
 create mode 100644 tests/adv_f4_atk5_meaning_changed.rs
 create mode 100644 tests/d174_merge_gate_locality.rs
 create mode 100644 tests/d191_diff_does_not_scan_applied.rs
 create mode 100644 tests/d225_byte_split.rs
 create mode 100644 tests/d235_rebuild_keeps_d16_pins.rs
 create mode 100644 tests/d244_clean_exit_publishes_the_root.rs
 create mode 100644 tests/d244_exits_run_the_publish.rs
 create mode 100644 tests/d244_publish_root.rs
 create mode 100644 tests/d249_alter_encodable.rs
 create mode 100644 tests/d254_catalog_persist_bound.rs
 create mode 100644 tests/d255_join_on_conjuncts.rs
 create mode 100644 tests/d270_catalog_persist_allocate_first.rs
 create mode 100644 tests/d280_open_for_database.rs
 create mode 100644 tests/d280_orphaned_wal_binaries.rs
 create mode 100644 tests/depth_cost.rs
 create mode 100644 tests/depth_probe.rs
 create mode 100644 tests/i15_probe.rs
 create mode 100644 tests/integration_lens_atk4_e.rs
 create mode 100644 tests/integration_lens_merge_two_edits.rs
 create mode 100644 tests/lens_merge_refusal.rs
 create mode 100644 tests/probe_catalog_read_locality.rs
 create mode 100644 tests/probe_depth_wall.rs
 create mode 100644 tests/probe_read_concurrency.rs
 create mode 100644 tests/probe_read_scaling2.rs
 create mode 100644 tests/reused_key_old_snapshot.rs
 create mode 100644 tests/review_cow_adv.rs
 create mode 100644 tests/rolled_back_insert_index_entry.rs
 create mode 100644 tests/s18_collapse_cost.rs
 create mode 100644 tests/s18_extent_pinning.rs
 create mode 100644 tests/s18_mcts_topology_probe.rs
 create mode 100644 tests/s18_transitive_visibility.rs
 create mode 100644 tests/zz_atk2_alter_types.rs
 create mode 100644 tests/zz_atk2_guard_premise.rs
 create mode 100644 tests/zz_atk4_durability.rs
 create mode 100644 tests/zz_atk4_regress.rs
 create mode 100644 tests/zz_lens_ab.rs
 create mode 100644 tests/zz_lens_alter_refusal.rs
 create mode 100644 tests/zz_lens_reserve.rs
 create mode 100644 tests/zz_lens_wedge_durability.rs
rc=0
