# step5 merge-tree attempts onto origin/main 38f5df17593d123be5be8374753759d551432883 at 2026-10-10T01:37:05Z
resolve/recovery-base-00f4c39 tip=fa2549857f81 rc=0 tree=6e7c317cd021 tip_tree=6e7c317cd021 src_changed=9 flags=[ 16 UNBUILT,]
resolve-arena-d183 tip=44cc2d261312 rc=0 tree=a2481a362e25 tip_tree=a2481a362e25 src_changed=2 flags=[ 12 mutant, 14 UNBUILT, 1 Unreviewed,]
resolve-cow tip=2a795b493718 rc=0 tree=47d0abe4531f tip_tree=47d0abe4531f src_changed=3 flags=[ 1 quarantine, 1 UNREVIEWED,]
resolve-demo-examples tip=01cec8d904b5 rc=0 tree=f09c29dc756b tip_tree=f09c29dc756b src_changed=2 flags=[]
resolve-index-catalog tip=c58d72af88b3 rc=0 tree=ebd4b32c1de2 tip_tree=ebd4b32c1de2 src_changed=16 flags=[ 28 mutant, 2 quarantine, 38 UNBUILT, 2 UNREVIEWED,]
resolve-runtime-tel-dead1 tip=aa7d23b192d5 rc=0 tree=cadb5eed456d tip_tree=cadb5eed456d src_changed=16 flags=[ 6 mutant, 4 quarantine, 47 UNBUILT,]
resolve-consensus-phasef tip=33e31399bb25 rc=0 tree=c75653a10c4c tip_tree=c75653a10c4c src_changed=5 flags=[ 2 broken on purpose, 38 mutant,]
resolve-recovery-16 tip=474bf6b7c624 rc=0 tree=eecf770c8d31 tip_tree=eecf770c8d31 src_changed=19 flags=[ 1 mutant, 18 quarantine, 62 UNBUILT, 2 UNREVIEWED,]
resolve-recovery-sweep tip=cf9f51f434f5 rc=0 tree=eea5b3c7f33f tip_tree=eea5b3c7f33f src_changed=22 flags=[ 3 mutant, 1 throwaway, 59 UNBUILT,]
quarantine/resolve-index-catalog-dead-2026-10-08 tip=94230814c3d6 rc=0 tree=d006a10e2e69 tip_tree=d006a10e2e69 src_changed=22 flags=[ 30 mutant, 1 Mutant, 2 quarantine, 2 Quarantine, 1 QUARANTINE, 1 throwaway, 90 UNBUILT, 4 UNREVIEWED,]
quarantine/resolve-recovery-clean-restart-predecessor tip=ed860d4af8f0 rc=0 tree=f7832d456a93 tip_tree=f7832d456a93 src_changed=18 flags=[ 28 mutant, 1 QUARANTINE, 2 throwaway, 87 UNBUILT, 2 UNREVIEWED,]
resolve-recovery-clean-restart-v2 tip=4f1c2d2d039a rc=0 tree=132c0d9c9c93 tip_tree=132c0d9c9c93 src_changed=18 flags=[ 29 mutant, 2 throwaway, 89 UNBUILT, 1 UNREVIEWED,]
resolve-recovery-sweep-2 tip=56baf67a0760 rc=0 tree=f1b03d904bff tip_tree=f1b03d904bff src_changed=22 flags=[ 5 mutant, 12 quarantine, 2 throwaway, 140 UNBUILT,]
resolve-consensus-phasef-r2 tip=873ae81d4813 rc=0 tree=29698058afcd tip_tree=29698058afcd src_changed=9 flags=[ 2 broken on purpose, 39 mutant, 1 Throwaway,]
resolve-index-catalog-2 tip=bd11f0a7346d rc=0 tree=e64737ed82e9 tip_tree=e64737ed82e9 src_changed=22 flags=[ 30 mutant, 1 Mutant, 2 quarantine, 2 Quarantine, 1 throwaway, 84 UNBUILT, 3 UNREVIEWED,]
resolve-recovery-16-r2 tip=804de0938203 rc=0 tree=5a43f181077a tip_tree=5a43f181077a src_changed=31 flags=[ 2 mutant, 25 quarantine, 133 UNBUILT, 2 UNREVIEWED,]
resolve-runtime-tel tip=173f99c48ab9 rc=0 tree=46e0d16bef5f tip_tree=46e0d16bef5f src_changed=32 flags=[ 38 mutant, 5 quarantine, 1 throwaway, 1 Throwaway, 2 unbuilt, 142 UNBUILT, 4 UNREVIEWED,]
quarantine/resolve-index-catalog-2-dead-2026-10-08 tip=bde950ee7a0f rc=0 tree=f12ced1e719c tip_tree=f12ced1e719c src_changed=27 flags=[ 36 mutant, 1 Mutant, 3 quarantine, 2 Quarantine, 1 QUARANTINE, 1 throwaway, 138 UNBUILT, 4 UNREVIEWED,]
resolve-index-catalog-3 tip=65cb69186e37 rc=0 tree=188b87036a48 tip_tree=188b87036a48 src_changed=23 flags=[ 30 mutant, 1 Mutant, 3 quarantine, 2 Quarantine, 1 throwaway, 84 UNBUILT, 1 unreviewed, 4 UNREVIEWED,]
resolve-recovery-16-r3 tip=c3cbe398760a rc=0 tree=a5bc4e6408dd tip_tree=a5bc4e6408dd src_changed=35 flags=[ 10 mutant, 22 quarantine, 169 UNBUILT, 1 UNREVIEWED,]
resolve-runtime-tel-r3 tip=8ca194ad2678 rc=0 tree=1f8b79fad9bb tip_tree=1f8b79fad9bb src_changed=29 flags=[ 23 mutant, 4 quarantine, 1 throwaway, 1 Throwaway, 103 UNBUILT, 2 UNREVIEWED,]
wip/resolve-consensus-phasef-20261010 tip=d6b1aa800c26 rc=0 tree=49aa102419fb tip_tree=49aa102419fb src_changed=7 flags=[ 2 broken on purpose, 39 mutant, 1 quarantine, 1 Throwaway, 1 UNREVIEWED,]
wip/resolve-index-catalog-2-20261010 tip=a018dd0fde91 rc=0 tree=f12ced1e719c tip_tree=f12ced1e719c src_changed=27 flags=[ 36 mutant, 1 Mutant, 4 quarantine, 2 Quarantine, 1 throwaway, 138 UNBUILT, 4 UNREVIEWED,]
wip/resolve-index-catalog-3-20261010 tip=c49bf3dc280d rc=0 tree=522f668309d8 tip_tree=522f668309d8 src_changed=27 flags=[ 36 mutant, 1 Mutant, 5 quarantine, 2 Quarantine, 1 throwaway, 138 UNBUILT, 1 unreviewed, 5 UNREVIEWED,]
wip/resolve-index-catalog-20261010 tip=610a433756e6 rc=0 tree=d006a10e2e69 tip_tree=d006a10e2e69 src_changed=22 flags=[ 30 mutant, 1 Mutant, 3 quarantine, 2 Quarantine, 1 throwaway, 90 UNBUILT, 4 UNREVIEWED,]
wip/resolve-recovery-16-20261010 tip=38346ba023aa rc=0 tree=f3029ed85cde tip_tree=f3029ed85cde src_changed=24 flags=[ 9 mutant, 19 quarantine, 96 UNBUILT, 3 UNREVIEWED,]
wip/resolve-recovery-16-r3-20261010 tip=90f0381b8362 rc=0 tree=3a239b070937 tip_tree=3a239b070937 src_changed=38 flags=[ 11 mutant, 23 quarantine, 195 UNBUILT, 2 UNREVIEWED,]
wip/resolve-recovery-16-r2-20261010 tip=f3a1275e0507 rc=0 tree=20ba3925e949 tip_tree=20ba3925e949 src_changed=34 flags=[ 3 mutant, 26 quarantine, 159 UNBUILT, 3 UNREVIEWED,]
wip/resolve-recovery-clean-restart-20261010 tip=fab30b408fd4 rc=0 tree=f7832d456a93 tip_tree=f7832d456a93 src_changed=18 flags=[ 28 mutant, 1 quarantine, 2 throwaway, 87 UNBUILT, 2 UNREVIEWED,]
wip/ferrodb-untracked-20261010 tip=4f7dba07f407 rc=0 tree=b77f1a44dda5 tip_tree=b77f1a44dda5 src_changed=0 flags=[ 1 quarantine, 1 Unreviewed,]
