land-gate: landing   bfcfa0e (bfcfa0e)
land-gate: onto base main (3a9a5f9)
land-gate: evidence  scratchpad/verify-out-w4gen

land-gate: [1/3] certify-head.sh — does the verdict name the commit being landed?
certify-head: OK — suite head=bfcfa0e == landing bfcfa0e
  w4gen: mode=per-target rc=0 passed=2516 failed=0 build_errors=0 head=bfcfa0e log=/Users/idide/wt/ferrodb-agent-acf966798a3979f57/scratchpad/verify-out-w4gen/suite-w4gen.log

land-gate: [2/3] staleness.sh — has the base moved under this branch's files SINCE the suite ran?
      branch bfcfa0e vs 3a9a5f9f1646aabad33efef892a487291be9a954: 0 behind, 14 ahead
      COVERED

land-gate: [3/3] prepush.sh — the CI-parity checks a green suite structurally cannot see.
CI RUSTFLAGS (read from .github/workflows/tests.yml): -D duplicate_macro_attributes -D dead_code

== FFI gate sweep (examples/ and src/) ==
ok: no ungated extern "C"

== RUSTFLAGS="-D duplicate_macro_attributes -D dead_code" cargo build --examples ==
warning: `ferrodb` (example "d51_sharedword_probe") generated 1 warning (run `cargo fix --example "d51_sharedword_probe" -p ferrodb` to apply 1 suggestion)
warning: `ferrodb` (example "d68_merge_is_o_table") generated 1 warning (run `cargo fix --example "d68_merge_is_o_table" -p ferrodb` to apply 1 suggestion)
    Finished `dev` profile [unoptimized + debuginfo] target(s) in 12.79s

== RUSTFLAGS="-D duplicate_macro_attributes -D dead_code" cargo check --all-targets ==

warning: `ferrodb` (example "d51_sharedword_probe") generated 1 warning (run `cargo fix --example "d51_sharedword_probe" -p ferrodb` to apply 1 suggestion)
    Finished `dev` profile [unoptimized + debuginfo] target(s) in 13.47s

== cargo check --target x86_64-pc-windows-msvc (compiles the cfg(not(unix)) arms) ==
ok (note: this does NOT link, so it cannot see a missing POSIX symbol — check 1 is what covers that)

PREPUSH: OK — the checks CI runs that the suite does not.
  This is NOT a substitute for tools/verify-suite.sh, and it says nothing about head=.
  Run all three: verify-suite.sh, certify-head.sh, and this.

land-gate: OK — the evidence in scratchpad/verify-out-w4gen is about the tree that will ship.
land-gate:   suite names the commit · base is covered · CI-parity passes · tree unmoved throughout.
