=== D113 battery  start=2026-09-22T01:48:08Z ===
head=3f680f9  branch=D113-compact-refusal
ACQUIRED D113-battery  load_at_acquire=4
load_at_acquire above; counters only below, no durations are reported as results

=== ARM 1: the D113 tests WITH the fix (expect every one to pass) ===
running 5 tests
test cow::tests_compact_refusal::a_starved_insert_loses_no_row_that_the_unstarved_control_keeps ... ignored, documents a real pre-existing atomicity defect; see the doc comment. Not D113.
refused insert rewrote 213 bytes
partial promotion placed 1/3 separators
refused replace rewrote 213 bytes
test cow::tests_compact_refusal::a_refused_insert_leaves_a_page_that_verifies ... ok
test cow::tests_compact_refusal::a_partial_promotion_leaves_a_page_that_verifies ... ok
test cow::tests_compact_refusal::a_refused_replace_leaves_a_page_that_verifies ... ok
starved failures: 300 (300 rewrote page bytes, 8 left a page compacted in place)
test cow::tests_compact_refusal::a_starved_allocation_never_leaves_an_unverifiable_page ... ok
test result: ok. 4 passed; 0 failed; 1 ignored; 0 measured; 1606 filtered out; finished in 27.10s

=== ARM 2: FIRE-CHECK -- delete the stamp; the same tests must go RED ===
 src/cow/node.rs | 2 +-
 1 file changed, 1 insertion(+), 1 deletion(-)
running 5 tests
test cow::tests_compact_refusal::a_starved_insert_loses_no_row_that_the_unstarved_control_keeps ... ignored, documents a real pre-existing atomicity defect; see the doc comment. Not D113.
refused replace rewrote 209 bytes
refused insert rewrote 209 bytes
partial promotion placed 1/3 separators
test cow::tests_compact_refusal::a_partial_promotion_leaves_a_page_that_verifies ... FAILED
test cow::tests_compact_refusal::a_refused_insert_leaves_a_page_that_verifies ... FAILED
test cow::tests_compact_refusal::a_refused_replace_leaves_a_page_that_verifies ... FAILED
test cow::tests_compact_refusal::a_starved_allocation_never_leaves_an_unverifiable_page ... FAILED
test result: FAILED. 0 passed; 4 failed; 1 ignored; 0 measured; 1606 filtered out; finished in 0.72s
error: test failed, to rerun pass `--lib`
restore OK: node.rs matches HEAD and the pre-mutation backup byte for byte

=== ARM 3: the whole cow suite WITH the fix ===
test result: ok. 163 passed; 0 failed; 1 ignored; 0 measured; 1447 filtered out; finished in 27.79s

=== ARM 4: the ignored atomicity probe (expected RED; records its numbers) ===
running 1 test
rows missing -- control: 0 base, 0 gap;  starved: 28 base, 165 gap
test cow::tests_compact_refusal::a_starved_insert_loses_no_row_that_the_unstarved_control_keeps ... FAILED
test result: FAILED. 0 passed; 1 failed; 0 ignored; 0 measured; 1610 filtered out; finished in 0.75s
error: test failed, to rerun pass `--lib`

=== end=2026-09-22T02:03:46Z  dirty_files=1 ===
