   Compiling ferrodb v0.1.0 (/Users/idide/wt/ferrodb-D89-cid-after-chunker)
warning: unused import: `encode_row`
  --> src/agent_sql/runtime.rs:46:48
   |
46 | use crate::agent_sql::paged_rows::{decode_row, encode_row, split_row_key, PageRowChange, PagedRows};
   |                                                ^^^^^^^^^^
   |
   = note: `#[warn(unused_imports)]` (part of `#[warn(unused)]`) on by default

warning: method `visible_rows` is never used
    --> src/agent_sql/runtime.rs:1356:8
     |
 643 | impl AgentRuntime {
     | ----------------- method in this implementation
...
1356 |     fn visible_rows(
     |        ^^^^^^^^^^^^
     |
     = note: `#[warn(dead_code)]` (part of `#[warn(unused)]`) on by default

warning: variable does not need to be mutable
   --> src/catalog/catalog_page.rs:440:13
    |
440 |         let mut write_entry = |bytes: &mut [u8; PAGE_SIZE], o: &mut usize, name: &[u8], roots: [u32; 3], index_root: u32| {
    |             ----^^^^^^^^^^^
    |             |
    |             help: remove this `mut`
    |
    = note: `#[warn(unused_mut)]` (part of `#[warn(unused)]`) on by default

warning: unused variable: `reaper`
    --> src/branch/reaper.rs:1902:17
     |
1902 |         let (h, reaper) = setup();
     |                 ^^^^^^
...
1976 |     reaper_suite!(log_catalog, false);
     |     --------------------------------- in this macro invocation
     |
help: `reaper` is captured in macro and introduced a unused variable
    --> src/branch/reaper.rs:1902:17
     |
1902 |         let (h, reaper) = setup();
     |                 ^^^^^^
...
1976 |     reaper_suite!(log_catalog, false);
     |     --------------------------------- in this macro invocation
     = note: `#[warn(unused_variables)]` (part of `#[warn(unused)]`) on by default
     = note: this warning originates in the macro `reaper_suite` (in Nightly builds, run with -Z macro-backtrace for more info)

warning: unused variable: `reaper`
    --> src/branch/reaper.rs:1902:17
     |
1902 |         let (h, reaper) = setup();
     |                 ^^^^^^
...
1977 |     reaper_suite!(table_catalog, true);
     |     ---------------------------------- in this macro invocation
     |
help: `reaper` is captured in macro and introduced a unused variable
    --> src/branch/reaper.rs:1902:17
     |
1902 |         let (h, reaper) = setup();
     |                 ^^^^^^
...
1977 |     reaper_suite!(table_catalog, true);
     |     ---------------------------------- in this macro invocation
     = note: this warning originates in the macro `reaper_suite` (in Nightly builds, run with -Z macro-backtrace for more info)

warning: `ferrodb` (lib) generated 2 warnings (run `cargo fix --lib -p ferrodb` to apply 1 suggestion)
warning: unused import: `std::path::Path`
  --> tests/integration_system_views.rs:26:5
   |
26 | use std::path::Path;
   |     ^^^^^^^^^^^^^^^
   |
   = note: `#[warn(unused_imports)]` (part of `#[warn(unused)]`) on by default

warning: variable does not need to be mutable
  --> examples/d51_sharedword_probe.rs:77:17
   |
77 |             let mut one = |s: &Shared| match arm {
   |                 ----^^^
   |                 |
   |                 help: remove this `mut`
   |
   = note: `#[warn(unused_mut)]` (part of `#[warn(unused)]`) on by default

warning: `ferrodb` (test "integration_system_views") generated 1 warning (run `cargo fix --test "integration_system_views" -p ferrodb` to apply 1 suggestion)
warning: `ferrodb` (example "d51_sharedword_probe") generated 1 warning (run `cargo fix --example "d51_sharedword_probe" -p ferrodb` to apply 1 suggestion)
warning: `ferrodb` (lib test) generated 5 warnings (2 duplicates) (run `cargo fix --lib -p ferrodb --tests` to apply 1 suggestion)
warning: field `prov` is never read
   --> examples/d90_delta_vs_chunk.rs:311:5
    |
286 | struct Cycle {
    |        ----- field in this struct
...
311 |     prov: ferrodb::provenance::ProvId,
    |     ^^^^
    |
    = note: `#[warn(dead_code)]` (part of `#[warn(unused)]`) on by default

warning: `ferrodb` (example "d90_delta_vs_chunk") generated 1 warning
warning: unused import: `Path`
  --> tests/integration_readme_commands.rs:41:17
   |
41 | use std::path::{Path, PathBuf};
   |                 ^^^^
   |
   = note: `#[warn(unused_imports)]` (part of `#[warn(unused)]`) on by default

warning: `ferrodb` (test "integration_readme_commands") generated 1 warning (run `cargo fix --test "integration_readme_commands" -p ferrodb` to apply 1 suggestion)
warning: unused import: `Barrier`
  --> examples/d68_merge_is_o_table.rs:50:22
   |
50 | use std::sync::{Arc, Barrier};
   |                      ^^^^^^^
   |
   = note: `#[warn(unused_imports)]` (part of `#[warn(unused)]`) on by default

warning: constant `WARMUP` is never used
  --> examples/d68_merge_is_o_table.rs:82:7
   |
82 | const WARMUP: Duration = Duration::from_millis(400);
   |       ^^^^^^
   |
   = note: `#[warn(dead_code)]` (part of `#[warn(unused)]`) on by default

warning: constant `MEASURE` is never used
  --> examples/d68_merge_is_o_table.rs:83:7
   |
83 | const MEASURE: Duration = Duration::from_millis(2000);
   |       ^^^^^^^

warning: constant `POINTS` is never used
  --> examples/d68_merge_is_o_table.rs:84:7
   |
84 | const POINTS: [usize; 5] = [1, 2, 4, 8, 16];
   |       ^^^^^^

warning: function `reader_thread` is never used
   --> examples/d68_merge_is_o_table.rs:249:4
    |
249 | fn reader_thread(s: Arc<Server>, stop: Arc<AtomicBool>, reads: Arc<AtomicU64>) {
    |    ^^^^^^^^^^^^^

error: could not compile `ferrodb` (example "d55_agent_read_scaling")

Caused by:
  process didn't exit successfully: `/Users/idide/.rustup/toolchains/stable-aarch64-apple-darwin/bin/rustc --crate-name d55_agent_read_scaling --edition=2024 examples/d55_agent_read_scaling.rs --error-format=json --json=diagnostic-rendered-ansi,artifacts,future-incompat --crate-type bin --emit=dep-info,link -C embed-bitcode=no -C debuginfo=2 -C split-debuginfo=unpacked --check-cfg 'cfg(docsrs,test)' --check-cfg 'cfg(feature, values())' -C metadata=ae1b77a4f96c6aba -C extra-filename=-d46c3d9f570ef6b0 --out-dir /Users/idide/wt/ferrodb-D89-cid-after-chunker/target/debug/examples -C incremental=/Users/idide/wt/ferrodb-D89-cid-after-chunker/target/debug/incremental -L dependency=/Users/idide/wt/ferrodb-D89-cid-after-chunker/target/debug/deps --extern ferrodb=/Users/idide/wt/ferrodb-D89-cid-after-chunker/target/debug/deps/libferrodb-47771b9bdb1087f3.rlib --extern proptest=/Users/idide/wt/ferrodb-D89-cid-after-chunker/target/debug/deps/libproptest-de906e9a755e5d08.rlib --extern tempfile=/Users/idide/wt/ferrodb-D89-cid-after-chunker/target/debug/deps/libtempfile-4023deaad05d804d.rlib` (signal: 9, SIGKILL: kill)
warning: build failed, waiting for other jobs to finish...
error: could not compile `ferrodb` (test "integration_sql_on_durable_branches")

Caused by:
  process didn't exit successfully: `/Users/idide/.rustup/toolchains/stable-aarch64-apple-darwin/bin/rustc --crate-name integration_sql_on_durable_branches --edition=2024 tests/integration_sql_on_durable_branches.rs --error-format=json --json=diagnostic-rendered-ansi,artifacts,future-incompat --emit=dep-info,link -C embed-bitcode=no -C debuginfo=2 -C split-debuginfo=unpacked --test --check-cfg 'cfg(docsrs,test)' --check-cfg 'cfg(feature, values())' -C metadata=7217d2a56fa10b65 -C extra-filename=-1573d64d39185f4f --out-dir /Users/idide/wt/ferrodb-D89-cid-after-chunker/target/debug/deps -C incremental=/Users/idide/wt/ferrodb-D89-cid-after-chunker/target/debug/incremental -L dependency=/Users/idide/wt/ferrodb-D89-cid-after-chunker/target/debug/deps --extern ferrodb=/Users/idide/wt/ferrodb-D89-cid-after-chunker/target/debug/deps/libferrodb-47771b9bdb1087f3.rlib --extern proptest=/Users/idide/wt/ferrodb-D89-cid-after-chunker/target/debug/deps/libproptest-de906e9a755e5d08.rlib --extern tempfile=/Users/idide/wt/ferrodb-D89-cid-after-chunker/target/debug/deps/libtempfile-4023deaad05d804d.rlib` (signal: 9, SIGKILL: kill)
error: could not compile `ferrodb` (test "integration_run_identity_feed")

Caused by:
  process didn't exit successfully: `/Users/idide/.rustup/toolchains/stable-aarch64-apple-darwin/bin/rustc --crate-name integration_run_identity_feed --edition=2024 tests/integration_run_identity_feed.rs --error-format=json --json=diagnostic-rendered-ansi,artifacts,future-incompat --emit=dep-info,link -C embed-bitcode=no -C debuginfo=2 -C split-debuginfo=unpacked --test --check-cfg 'cfg(docsrs,test)' --check-cfg 'cfg(feature, values())' -C metadata=a70da6792ebce4a1 -C extra-filename=-0c12adf72c29357f --out-dir /Users/idide/wt/ferrodb-D89-cid-after-chunker/target/debug/deps -C incremental=/Users/idide/wt/ferrodb-D89-cid-after-chunker/target/debug/incremental -L dependency=/Users/idide/wt/ferrodb-D89-cid-after-chunker/target/debug/deps --extern ferrodb=/Users/idide/wt/ferrodb-D89-cid-after-chunker/target/debug/deps/libferrodb-47771b9bdb1087f3.rlib --extern proptest=/Users/idide/wt/ferrodb-D89-cid-after-chunker/target/debug/deps/libproptest-de906e9a755e5d08.rlib --extern tempfile=/Users/idide/wt/ferrodb-D89-cid-after-chunker/target/debug/deps/libtempfile-4023deaad05d804d.rlib` (signal: 9, SIGKILL: kill)
error: could not compile `ferrodb` (test "integration_cdc_ddl")

Caused by:
  process didn't exit successfully: `/Users/idide/.rustup/toolchains/stable-aarch64-apple-darwin/bin/rustc --crate-name integration_cdc_ddl --edition=2024 tests/integration_cdc_ddl.rs --error-format=json --json=diagnostic-rendered-ansi,artifacts,future-incompat --emit=dep-info,link -C embed-bitcode=no -C debuginfo=2 -C split-debuginfo=unpacked --test --check-cfg 'cfg(docsrs,test)' --check-cfg 'cfg(feature, values())' -C metadata=51d3dc4d26534834 -C extra-filename=-aded78f2637f85fb --out-dir /Users/idide/wt/ferrodb-D89-cid-after-chunker/target/debug/deps -C incremental=/Users/idide/wt/ferrodb-D89-cid-after-chunker/target/debug/incremental -L dependency=/Users/idide/wt/ferrodb-D89-cid-after-chunker/target/debug/deps --extern ferrodb=/Users/idide/wt/ferrodb-D89-cid-after-chunker/target/debug/deps/libferrodb-47771b9bdb1087f3.rlib --extern proptest=/Users/idide/wt/ferrodb-D89-cid-after-chunker/target/debug/deps/libproptest-de906e9a755e5d08.rlib --extern tempfile=/Users/idide/wt/ferrodb-D89-cid-after-chunker/target/debug/deps/libtempfile-4023deaad05d804d.rlib` (signal: 9, SIGKILL: kill)
error: could not compile `ferrodb` (test "integration_branch_pages")

Caused by:
  process didn't exit successfully: `/Users/idide/.rustup/toolchains/stable-aarch64-apple-darwin/bin/rustc --crate-name integration_branch_pages --edition=2024 tests/integration_branch_pages.rs --error-format=json --json=diagnostic-rendered-ansi,artifacts,future-incompat --emit=dep-info,link -C embed-bitcode=no -C debuginfo=2 -C split-debuginfo=unpacked --test --check-cfg 'cfg(docsrs,test)' --check-cfg 'cfg(feature, values())' -C metadata=4e0febd33248e067 -C extra-filename=-bd6604da2e43823a --out-dir /Users/idide/wt/ferrodb-D89-cid-after-chunker/target/debug/deps -C incremental=/Users/idide/wt/ferrodb-D89-cid-after-chunker/target/debug/incremental -L dependency=/Users/idide/wt/ferrodb-D89-cid-after-chunker/target/debug/deps --extern ferrodb=/Users/idide/wt/ferrodb-D89-cid-after-chunker/target/debug/deps/libferrodb-47771b9bdb1087f3.rlib --extern proptest=/Users/idide/wt/ferrodb-D89-cid-after-chunker/target/debug/deps/libproptest-de906e9a755e5d08.rlib --extern tempfile=/Users/idide/wt/ferrodb-D89-cid-after-chunker/target/debug/deps/libtempfile-4023deaad05d804d.rlib` (signal: 9, SIGKILL: kill)
error: could not compile `ferrodb` (test "integration_trunk_tree_authority")

Caused by:
  process didn't exit successfully: `/Users/idide/.rustup/toolchains/stable-aarch64-apple-darwin/bin/rustc --crate-name integration_trunk_tree_authority --edition=2024 tests/integration_trunk_tree_authority.rs --error-format=json --json=diagnostic-rendered-ansi,artifacts,future-incompat --emit=dep-info,link -C embed-bitcode=no -C debuginfo=2 -C split-debuginfo=unpacked --test --check-cfg 'cfg(docsrs,test)' --check-cfg 'cfg(feature, values())' -C metadata=3223210ba9caff1b -C extra-filename=-069e9ab3d7327f95 --out-dir /Users/idide/wt/ferrodb-D89-cid-after-chunker/target/debug/deps -C incremental=/Users/idide/wt/ferrodb-D89-cid-after-chunker/target/debug/incremental -L dependency=/Users/idide/wt/ferrodb-D89-cid-after-chunker/target/debug/deps --extern ferrodb=/Users/idide/wt/ferrodb-D89-cid-after-chunker/target/debug/deps/libferrodb-47771b9bdb1087f3.rlib --extern proptest=/Users/idide/wt/ferrodb-D89-cid-after-chunker/target/debug/deps/libproptest-de906e9a755e5d08.rlib --extern tempfile=/Users/idide/wt/ferrodb-D89-cid-after-chunker/target/debug/deps/libtempfile-4023deaad05d804d.rlib` (signal: 9, SIGKILL: kill)
error: could not compile `ferrodb` (test "integration_capability_envelope")

Caused by:
  process didn't exit successfully: `/Users/idide/.rustup/toolchains/stable-aarch64-apple-darwin/bin/rustc --crate-name integration_capability_envelope --edition=2024 tests/integration_capability_envelope.rs --error-format=json --json=diagnostic-rendered-ansi,artifacts,future-incompat --emit=dep-info,link -C embed-bitcode=no -C debuginfo=2 -C split-debuginfo=unpacked --test --check-cfg 'cfg(docsrs,test)' --check-cfg 'cfg(feature, values())' -C metadata=0861490268b9b532 -C extra-filename=-74831fd8f4bf4f23 --out-dir /Users/idide/wt/ferrodb-D89-cid-after-chunker/target/debug/deps -C incremental=/Users/idide/wt/ferrodb-D89-cid-after-chunker/target/debug/incremental -L dependency=/Users/idide/wt/ferrodb-D89-cid-after-chunker/target/debug/deps --extern ferrodb=/Users/idide/wt/ferrodb-D89-cid-after-chunker/target/debug/deps/libferrodb-47771b9bdb1087f3.rlib --extern proptest=/Users/idide/wt/ferrodb-D89-cid-after-chunker/target/debug/deps/libproptest-de906e9a755e5d08.rlib --extern tempfile=/Users/idide/wt/ferrodb-D89-cid-after-chunker/target/debug/deps/libtempfile-4023deaad05d804d.rlib` (signal: 9, SIGKILL: kill)
error: could not compile `ferrodb` (test "integration_cdc_retract_by_model")

Caused by:
  process didn't exit successfully: `/Users/idide/.rustup/toolchains/stable-aarch64-apple-darwin/bin/rustc --crate-name integration_cdc_retract_by_model --edition=2024 tests/integration_cdc_retract_by_model.rs --error-format=json --json=diagnostic-rendered-ansi,artifacts,future-incompat --emit=dep-info,link -C embed-bitcode=no -C debuginfo=2 -C split-debuginfo=unpacked --test --check-cfg 'cfg(docsrs,test)' --check-cfg 'cfg(feature, values())' -C metadata=05e1bdd891858163 -C extra-filename=-847344b0f0b0f415 --out-dir /Users/idide/wt/ferrodb-D89-cid-after-chunker/target/debug/deps -C incremental=/Users/idide/wt/ferrodb-D89-cid-after-chunker/target/debug/incremental -L dependency=/Users/idide/wt/ferrodb-D89-cid-after-chunker/target/debug/deps --extern ferrodb=/Users/idide/wt/ferrodb-D89-cid-after-chunker/target/debug/deps/libferrodb-47771b9bdb1087f3.rlib --extern proptest=/Users/idide/wt/ferrodb-D89-cid-after-chunker/target/debug/deps/libproptest-de906e9a755e5d08.rlib --extern tempfile=/Users/idide/wt/ferrodb-D89-cid-after-chunker/target/debug/deps/libtempfile-4023deaad05d804d.rlib` (signal: 9, SIGKILL: kill)
error: could not compile `ferrodb` (test "integration_alter_refusal_safety")

Caused by:
  process didn't exit successfully: `/Users/idide/.rustup/toolchains/stable-aarch64-apple-darwin/bin/rustc --crate-name integration_alter_refusal_safety --edition=2024 tests/integration_alter_refusal_safety.rs --error-format=json --json=diagnostic-rendered-ansi,artifacts,future-incompat --emit=dep-info,link -C embed-bitcode=no -C debuginfo=2 -C split-debuginfo=unpacked --test --check-cfg 'cfg(docsrs,test)' --check-cfg 'cfg(feature, values())' -C metadata=dbb5c54c70d1fdf4 -C extra-filename=-9dc38a5d5b1b844b --out-dir /Users/idide/wt/ferrodb-D89-cid-after-chunker/target/debug/deps -C incremental=/Users/idide/wt/ferrodb-D89-cid-after-chunker/target/debug/incremental -L dependency=/Users/idide/wt/ferrodb-D89-cid-after-chunker/target/debug/deps --extern ferrodb=/Users/idide/wt/ferrodb-D89-cid-after-chunker/target/debug/deps/libferrodb-47771b9bdb1087f3.rlib --extern proptest=/Users/idide/wt/ferrodb-D89-cid-after-chunker/target/debug/deps/libproptest-de906e9a755e5d08.rlib --extern tempfile=/Users/idide/wt/ferrodb-D89-cid-after-chunker/target/debug/deps/libtempfile-4023deaad05d804d.rlib` (signal: 9, SIGKILL: kill)
error: could not compile `ferrodb` (test "integration_base_backup")

Caused by:
  process didn't exit successfully: `/Users/idide/.rustup/toolchains/stable-aarch64-apple-darwin/bin/rustc --crate-name integration_base_backup --edition=2024 tests/integration_base_backup.rs --error-format=json --json=diagnostic-rendered-ansi,artifacts,future-incompat --emit=dep-info,link -C embed-bitcode=no -C debuginfo=2 -C split-debuginfo=unpacked --test --check-cfg 'cfg(docsrs,test)' --check-cfg 'cfg(feature, values())' -C metadata=bcbbf71b0feb83ae -C extra-filename=-e4e3036783fb0fb0 --out-dir /Users/idide/wt/ferrodb-D89-cid-after-chunker/target/debug/deps -C incremental=/Users/idide/wt/ferrodb-D89-cid-after-chunker/target/debug/incremental -L dependency=/Users/idide/wt/ferrodb-D89-cid-after-chunker/target/debug/deps --extern ferrodb=/Users/idide/wt/ferrodb-D89-cid-after-chunker/target/debug/deps/libferrodb-47771b9bdb1087f3.rlib --extern proptest=/Users/idide/wt/ferrodb-D89-cid-after-chunker/target/debug/deps/libproptest-de906e9a755e5d08.rlib --extern tempfile=/Users/idide/wt/ferrodb-D89-cid-after-chunker/target/debug/deps/libtempfile-4023deaad05d804d.rlib` (signal: 9, SIGKILL: kill)
error: could not compile `ferrodb` (test "integration_buffer_pool_latch")

Caused by:
  process didn't exit successfully: `/Users/idide/.rustup/toolchains/stable-aarch64-apple-darwin/bin/rustc --crate-name integration_buffer_pool_latch --edition=2024 tests/integration_buffer_pool_latch.rs --error-format=json --json=diagnostic-rendered-ansi,artifacts,future-incompat --emit=dep-info,link -C embed-bitcode=no -C debuginfo=2 -C split-debuginfo=unpacked --test --check-cfg 'cfg(docsrs,test)' --check-cfg 'cfg(feature, values())' -C metadata=71b75f38d87e0b57 -C extra-filename=-5450b2d5b6672dfb --out-dir /Users/idide/wt/ferrodb-D89-cid-after-chunker/target/debug/deps -C incremental=/Users/idide/wt/ferrodb-D89-cid-after-chunker/target/debug/incremental -L dependency=/Users/idide/wt/ferrodb-D89-cid-after-chunker/target/debug/deps --extern ferrodb=/Users/idide/wt/ferrodb-D89-cid-after-chunker/target/debug/deps/libferrodb-47771b9bdb1087f3.rlib --extern proptest=/Users/idide/wt/ferrodb-D89-cid-after-chunker/target/debug/deps/libproptest-de906e9a755e5d08.rlib --extern tempfile=/Users/idide/wt/ferrodb-D89-cid-after-chunker/target/debug/deps/libtempfile-4023deaad05d804d.rlib` (signal: 9, SIGKILL: kill)
warning: `ferrodb` (example "d68_merge_is_o_table") generated 5 warnings (run `cargo fix --example "d68_merge_is_o_table" -p ferrodb` to apply 1 suggestion)
error: could not compile `ferrodb` (example "d68_merge_is_o_table"); 5 warnings emitted

Caused by:
  process didn't exit successfully: `/Users/idide/.rustup/toolchains/stable-aarch64-apple-darwin/bin/rustc --crate-name d68_merge_is_o_table --edition=2024 examples/d68_merge_is_o_table.rs --error-format=json --json=diagnostic-rendered-ansi,artifacts,future-incompat --crate-type bin --emit=dep-info,link -C embed-bitcode=no -C debuginfo=2 -C split-debuginfo=unpacked --check-cfg 'cfg(docsrs,test)' --check-cfg 'cfg(feature, values())' -C metadata=483f9c9c1f9a62f7 -C extra-filename=-4b09992e10773a2f --out-dir /Users/idide/wt/ferrodb-D89-cid-after-chunker/target/debug/examples -C incremental=/Users/idide/wt/ferrodb-D89-cid-after-chunker/target/debug/incremental -L dependency=/Users/idide/wt/ferrodb-D89-cid-after-chunker/target/debug/deps --extern ferrodb=/Users/idide/wt/ferrodb-D89-cid-after-chunker/target/debug/deps/libferrodb-47771b9bdb1087f3.rlib --extern proptest=/Users/idide/wt/ferrodb-D89-cid-after-chunker/target/debug/deps/libproptest-de906e9a755e5d08.rlib --extern tempfile=/Users/idide/wt/ferrodb-D89-cid-after-chunker/target/debug/deps/libtempfile-4023deaad05d804d.rlib` (signal: 9, SIGKILL: kill)
error: could not compile `ferrodb` (test "lock_order_allowlist")

Caused by:
  process didn't exit successfully: `/Users/idide/.rustup/toolchains/stable-aarch64-apple-darwin/bin/rustc --crate-name lock_order_allowlist --edition=2024 tests/lock_order_allowlist.rs --error-format=json --json=diagnostic-rendered-ansi,artifacts,future-incompat --emit=dep-info,link -C embed-bitcode=no -C debuginfo=2 -C split-debuginfo=unpacked --test --check-cfg 'cfg(docsrs,test)' --check-cfg 'cfg(feature, values())' -C metadata=c6d24ff46dda92f6 -C extra-filename=-5152dbc136567be8 --out-dir /Users/idide/wt/ferrodb-D89-cid-after-chunker/target/debug/deps -C incremental=/Users/idide/wt/ferrodb-D89-cid-after-chunker/target/debug/incremental -L dependency=/Users/idide/wt/ferrodb-D89-cid-after-chunker/target/debug/deps --extern ferrodb=/Users/idide/wt/ferrodb-D89-cid-after-chunker/target/debug/deps/libferrodb-47771b9bdb1087f3.rlib --extern proptest=/Users/idide/wt/ferrodb-D89-cid-after-chunker/target/debug/deps/libproptest-de906e9a755e5d08.rlib --extern tempfile=/Users/idide/wt/ferrodb-D89-cid-after-chunker/target/debug/deps/libtempfile-4023deaad05d804d.rlib` (signal: 9, SIGKILL: kill)
error: could not compile `ferrodb` (test "integration_fork_kill9")

Caused by:
  process didn't exit successfully: `/Users/idide/.rustup/toolchains/stable-aarch64-apple-darwin/bin/rustc --crate-name integration_fork_kill9 --edition=2024 tests/integration_fork_kill9.rs --error-format=json --json=diagnostic-rendered-ansi,artifacts,future-incompat --emit=dep-info,link -C embed-bitcode=no -C debuginfo=2 -C split-debuginfo=unpacked --test --check-cfg 'cfg(docsrs,test)' --check-cfg 'cfg(feature, values())' -C metadata=7f54c3816c7bdadf -C extra-filename=-31ddab80011db9f6 --out-dir /Users/idide/wt/ferrodb-D89-cid-after-chunker/target/debug/deps -C incremental=/Users/idide/wt/ferrodb-D89-cid-after-chunker/target/debug/incremental -L dependency=/Users/idide/wt/ferrodb-D89-cid-after-chunker/target/debug/deps --extern ferrodb=/Users/idide/wt/ferrodb-D89-cid-after-chunker/target/debug/deps/libferrodb-47771b9bdb1087f3.rlib --extern proptest=/Users/idide/wt/ferrodb-D89-cid-after-chunker/target/debug/deps/libproptest-de906e9a755e5d08.rlib --extern tempfile=/Users/idide/wt/ferrodb-D89-cid-after-chunker/target/debug/deps/libtempfile-4023deaad05d804d.rlib` (signal: 9, SIGKILL: kill)
error: could not compile `ferrodb` (test "integration_simulate")

Caused by:
  process didn't exit successfully: `/Users/idide/.rustup/toolchains/stable-aarch64-apple-darwin/bin/rustc --crate-name integration_simulate --edition=2024 tests/integration_simulate.rs --error-format=json --json=diagnostic-rendered-ansi,artifacts,future-incompat --emit=dep-info,link -C embed-bitcode=no -C debuginfo=2 -C split-debuginfo=unpacked --test --check-cfg 'cfg(docsrs,test)' --check-cfg 'cfg(feature, values())' -C metadata=e13573f409ff905e -C extra-filename=-3eb2509e1d40721e --out-dir /Users/idide/wt/ferrodb-D89-cid-after-chunker/target/debug/deps -C incremental=/Users/idide/wt/ferrodb-D89-cid-after-chunker/target/debug/incremental -L dependency=/Users/idide/wt/ferrodb-D89-cid-after-chunker/target/debug/deps --extern ferrodb=/Users/idide/wt/ferrodb-D89-cid-after-chunker/target/debug/deps/libferrodb-47771b9bdb1087f3.rlib --extern proptest=/Users/idide/wt/ferrodb-D89-cid-after-chunker/target/debug/deps/libproptest-de906e9a755e5d08.rlib --extern tempfile=/Users/idide/wt/ferrodb-D89-cid-after-chunker/target/debug/deps/libtempfile-4023deaad05d804d.rlib` (signal: 9, SIGKILL: kill)
