integration_cdc_publication attempt 1 passed=5 failed=0 rc=0
integration_cdc_publication attempt 2 passed=5 failed=0 rc=0
integration_base_backup attempt 1 passed=5 failed=0 rc=0
integration_base_backup attempt 2 passed=5 failed=0 rc=0
integration_cdc_go_consumer attempt 1 passed=4 failed=0 rc=0
integration_cdc_go_consumer attempt 2 passed=4 failed=0 rc=0
integration_consensus_failover attempt 1 passed=1 failed=0 rc=0
integration_consensus_failover attempt 2 passed=1 failed=0 rc=0
load-before	24.19 16.94 11.08
integration_cdc_publication	attempt1	passed=5	failed=0	rc=0
load-before	25.40 17.56 11.41
integration_cdc_publication	attempt2	passed=5	failed=0	rc=0
load-before	25.40 17.56 11.41
integration_base_backup	attempt1	passed=5	failed=0	rc=0
load-before	23.40 18.04 11.84
integration_base_backup	attempt2	passed=5	failed=0	rc=0
load-before	20.05 17.68 11.89
integration_cdc_go_consumer	attempt1	passed=4	failed=0	rc=0
load-before	15.06 16.70 11.79
integration_cdc_go_consumer	attempt2	passed=4	failed=0	rc=0
load-before	14.57 16.57 11.77
integration_consensus_failover	attempt1	passed=1	failed=0	rc=0
load-before	13.95 16.33 11.77
integration_consensus_failover	attempt2	passed=1	failed=0	rc=0
